// Jest Snapshot v1, https://goo.gl/fbAQLP

exports[`server /:domain/:name should return HTML 1`] = `
"<!doctype html>
<html lang=\\"\\">
    <head>
        <meta charset=\\"utf-8\\">
        <meta http-equiv=\\"x-ua-compatible\\" content=\\"ie=edge\\">
        <title></title>
        <meta name=\\"description\\" content=\\"\\">
        <meta name=\\"viewport\\" content=\\"width=device-width, initial-scale=1\\">

        
        <link rel=\\"stylesheet\\" href=\\"http://test.com/test/index.css\\">
        

        <script data-main=\\"/js/main\\" src=\\"https://cdnjs.cloudflare.com/ajax/libs/require.js/2.3.2/require.min.js\\" integrity=\\"sha256-Vjusm6Kh2U7/tb6jBh+MOfxnaf2TWsTph34bMKhC1Qc=\\" crossorigin=\\"anonymous\\" defer></script>
    </head>
    <body>
      <fragment id=\\"test\\" src=\\"http://test.com/test/index.js\\">
        <h1>Hello, test!</h1>
      </fragment>
    </body>
</html>
"
`;
